[INFO] Scanning for projects...
[INFO] 
[INFO] --------------------------< gvk.projects:cms >--------------------------
[INFO] Building customer-management-system 0.0.1-SNAPSHOT
[INFO]   from pom.xml
[INFO] --------------------------------[ jar ]---------------------------------
[INFO] 
[INFO] >>> spring-boot:2.7.18:run (default-cli) > test-compile @ cms >>>
[INFO] 
[INFO] --- resources:3.2.0:resources (default-resources) @ cms ---
[INFO] Using 'UTF-8' encoding to copy filtered resources.
[INFO] Using 'UTF-8' encoding to copy filtered properties files.
[INFO] Copying 1 resource
[INFO] Copying 2 resources
[INFO] 
[INFO] --- compiler:3.10.1:compile (default-compile) @ cms ---
[INFO] Changes detected - recompiling the module!
[INFO] Compiling 26 source files to C:\Users\Gavindu\github\customer-management-system\backend\target\classes
[INFO] 
[INFO] --- resources:3.2.0:testResources (default-testResources) @ cms ---
[INFO] Using 'UTF-8' encoding to copy filtered resources.
[INFO] Using 'UTF-8' encoding to copy filtered properties files.
[INFO] skip non existing resourceDirectory C:\Users\Gavindu\github\customer-management-system\backend\src\test\resources
[INFO] 
[INFO] --- compiler:3.10.1:testCompile (default-testCompile) @ cms ---
[INFO] Changes detected - recompiling the module!
[INFO] Compiling 4 source files to C:\Users\Gavindu\github\customer-management-system\backend\target\test-classes
[INFO] 
[INFO] <<< spring-boot:2.7.18:run (default-cli) < test-compile @ cms <<<
[INFO] 
[INFO] 
[INFO] --- spring-boot:2.7.18:run (default-cli) @ cms ---
[INFO] Attaching agents: []
01:57:08.771 [Thread-0] DEBUG org.springframework.boot.devtools.restart.classloader.RestartClassLoader - Created RestartClassLoader org.springframework.boot.devtools.restart.classloader.RestartClassLoader@49d3e371

  .   ____          _            __ _ _
 /\\ / ___'_ __ _ _(_)_ __  __ _ \ \ \ \
( ( )\___ | '_ | '_| | '_ \/ _` | \ \ \ \
 \\/  ___)| |_)| | | | | || (_| |  ) ) ) )
  '  |____| .__|_| |_|_| |_\__, | / / / /
 =========|_|==============|___/=/_/_/_/
 :: Spring Boot ::               (v2.7.18)

2026-04-27 01:57:09.336  INFO 32784 --- [  restartedMain] gvk.projects.cms.DemoApplication         : Starting DemoApplication using Java 1.8.0_482 on DESKTOP-4P7KU22 with PID 32784 (C:\Users\Gavindu\github\customer-management-system\backend\target\classes started by Gavindu in C:\Users\Gavindu\github\customer-management-system\backend)
2026-04-27 01:57:09.340  INFO 32784 --- [  restartedMain] gvk.projects.cms.DemoApplication         : No active profile set, falling back to 1 default profile: "default"
2026-04-27 01:57:09.420  INFO 32784 --- [  restartedMain] .e.DevToolsPropertyDefaultsPostProcessor : Devtools property defaults active! Set 'spring.devtools.add-properties' to 'false' to disable
2026-04-27 01:57:09.420  INFO 32784 --- [  restartedMain] .e.DevToolsPropertyDefaultsPostProcessor : For additional web related logging consider setting the 'logging.level.web' property to 'DEBUG'
2026-04-27 01:57:10.585  INFO 32784 --- [  restartedMain] .s.d.r.c.RepositoryConfigurationDelegate : Bootstrapping Spring Data JPA repositories in DEFAULT mode.
2026-04-27 01:57:10.699  INFO 32784 --- [  restartedMain] .s.d.r.c.RepositoryConfigurationDelegate : Finished Spring Data repository scanning in 96 ms. Found 3 JPA repository interfaces.
2026-04-27 01:57:12.259  INFO 32784 --- [  restartedMain] o.s.b.w.embedded.tomcat.TomcatWebServer  : Tomcat initialized with port(s): 8080 (http)
2026-04-27 01:57:12.277  INFO 32784 --- [  restartedMain] o.apache.catalina.core.StandardService   : Starting service [Tomcat]
2026-04-27 01:57:12.278  INFO 32784 --- [  restartedMain] org.apache.catalina.core.StandardEngine  : Starting Servlet engine: [Apache Tomcat/9.0.83]
2026-04-27 01:57:12.404  INFO 32784 --- [  restartedMain] o.a.c.c.C.[Tomcat].[localhost].[/]       : Initializing Spring embedded WebApplicationContext
2026-04-27 01:57:12.406  INFO 32784 --- [  restartedMain] w.s.c.ServletWebServerApplicationContext : Root WebApplicationContext: initialization completed in 2985 ms
2026-04-27 01:57:12.654  INFO 32784 --- [  restartedMain] o.hibernate.jpa.internal.util.LogHelper  : HHH000204: Processing PersistenceUnitInfo [name: default]
2026-04-27 01:57:12.769  INFO 32784 --- [  restartedMain] org.hibernate.Version                    : HHH000412: Hibernate ORM core version 5.6.15.Final
2026-04-27 01:57:13.029  INFO 32784 --- [  restartedMain] o.hibernate.annotations.common.Version   : HCANN000001: Hibernate Commons Annotations {5.1.2.Final}
2026-04-27 01:57:13.342  INFO 32784 --- [  restartedMain] com.zaxxer.hikari.HikariDataSource       : HikariPool-1 - Starting...
2026-04-27 01:57:13.509  INFO 32784 --- [  restartedMain] com.zaxxer.hikari.HikariDataSource       : HikariPool-1 - Start completed.
2026-04-27 01:57:13.536  INFO 32784 --- [  restartedMain] org.hibernate.dialect.Dialect            : HHH000400: Using dialect: org.hibernate.dialect.MariaDBDialect
2026-04-27 01:57:14.892  INFO 32784 --- [  restartedMain] o.h.e.t.j.p.i.JtaPlatformInitiator       : HHH000490: Using JtaPlatform implementation: [org.hibernate.engine.transaction.jta.platform.internal.NoJtaPlatform]
2026-04-27 01:57:14.907  INFO 32784 --- [  restartedMain] j.LocalContainerEntityManagerFactoryBean : Initialized JPA EntityManagerFactory for persistence unit 'default'
2026-04-27 01:57:16.749  WARN 32784 --- [  restartedMain] o.s.b.d.a.OptionalLiveReloadServer       : Unable to start LiveReload server
2026-04-27 01:57:16.788  WARN 32784 --- [  restartedMain] ConfigServletWebServerApplicationContext : Exception encountered during context initialization - cancelling refresh attempt: org.springframework.context.ApplicationContextException: Failed to start bean 'webServerStartStop'; nested exception is org.springframework.boot.web.server.PortInUseException: Port 8080 is already in use
2026-04-27 01:57:16.792  INFO 32784 --- [  restartedMain] j.LocalContainerEntityManagerFactoryBean : Closing JPA EntityManagerFactory for persistence unit 'default'
2026-04-27 01:57:16.801  INFO 32784 --- [  restartedMain] com.zaxxer.hikari.HikariDataSource       : HikariPool-1 - Shutdown initiated...
2026-04-27 01:57:16.815  INFO 32784 --- [  restartedMain] com.zaxxer.hikari.HikariDataSource       : HikariPool-1 - Shutdown completed.
2026-04-27 01:57:16.818  INFO 32784 --- [  restartedMain] o.apache.catalina.core.StandardService   : Stopping service [Tomcat]
2026-04-27 01:57:16.842  INFO 32784 --- [  restartedMain] ConditionEvaluationReportLoggingListener : 

Error starting ApplicationContext. To display the conditions report re-run your application with 'debug' enabled.
2026-04-27 01:57:16.883 ERROR 32784 --- [  restartedMain] o.s.b.d.LoggingFailureAnalysisReporter   : 

***************************
APPLICATION FAILED TO START
***************************

Description:

Web server failed to start. Port 8080 was already in use.

Action:

Identify and stop the process that's listening on port 8080 or configure this application to listen on another port.

[INFO] ------------------------------------------------------------------------
[INFO] BUILD SUCCESS
[INFO] ------------------------------------------------------------------------
[INFO] Total time:  32.013 s
[INFO] Finished at: 2026-04-27T01:57:16+05:30
[INFO] ------------------------------------------------------------------------
